                  xxx            
                  xxx            
                  xxx            
                  xxx            
                  xxx            
                  xxx            
                                 
                                 
                                 
                  xxx            
                  xxx            
                  xxx            
                  xxx            
                  xxx            
                  xxx            
xxxxxx   xxxxxxxxxxxxxxxxxx   xxx
xxxxxx   xxxxxxxxxxxxxxxxxx   xxx
xxxxxx   xxxxxxxxxxxxxxxxxx   xxx
               xxx               
               xxx               
               xxx               
               xxx               
               xxx               
               xxx               
                                 
                                 
                                 
               xxx               
               xxx               
               xxx               
               xxx               
               xxx               
               xxx               